../Core/Src/main.c:79:5:main	8	static
../Core/Src/main.c:143:6:SystemClock_Config	88	static
../Core/Src/main.c:190:13:MX_TIM2_Init	64	static
../Core/Src/main.c:253:13:MX_TIM3_Init	56	static
../Core/Src/main.c:302:13:MX_TIM4_Init	56	static
../Core/Src/main.c:351:13:MX_USART1_UART_Init	8	static
../Core/Src/main.c:384:13:MX_USART2_UART_Init	8	static
../Core/Src/main.c:417:13:MX_GPIO_Init	48	static
../Core/Src/main.c:494:6:HAL_GPIO_EXTI_Callback	16	static
../Core/Src/main.c:513:6:Error_Handler	4	static,ignoring_inline_asm
